<html>
<body>
<pre>
<h1>µVision Build Log</h1>
<h2>Project:</h2>
D:\MicroLPC2148_SI_ucosii_Programs\MailBox\mailbox.uvproj
Project File Date:  07/11/2019

<h2>Output:</h2>
Build target 'Target 1'
compiling adc.c...
compiling app.c...
.\include\func.h(23): warning:  #1-D: last line of file ends without a newline
app\app.c(58): warning:  #177-D: variable "i" was declared but never referenced
compiling hook.c...
assembling init.s...
compiling kbd.c...
compiling lcd.c...
compiling LED.c...
assembling Startup.s...
compiling stepper.c...
compiling UART.c...
assembling vectors.s...
compiling bsp.c...
.\include\func.h(23): warning:  #1-D: last line of file ends without a newline
uCOS-II\bsp.c(745): error:  #36: the #if for this directive is missing
assembling cpu_a.s...
compiling lib_mem.c...
compiling lib_str.c...
compiling os_core.c...
assembling os_cpu_a.asm...
uCOS-II\os_cpu_a.asm(159): warning: A1876W: Use of '|' as a synonym for the :OR: operator is deprecated.
compiling os_cpu_c.c...
uCOS-II\os_cpu_c.c(62): warning:  #550-D: variable "OSTmrCtr" was set but never used
compiling os_dbg.c...
compiling os_flag.c...
compiling os_mbox.c...
compiling os_mem.c...
compiling os_mutex.c...
compiling os_q.c...
compiling os_sem.c...
compiling os_task.c...
compiling os_time.c...
compiling os_tmr.c...
Target not created
Build target 'Target 1'
compiling adc.c...
compiling app.c...
.\include\func.h(23): warning:  #1-D: last line of file ends without a newline
app\app.c(58): warning:  #177-D: variable "i" was declared but never referenced
compiling hook.c...
assembling init.s...
compiling kbd.c...
compiling lcd.c...
compiling LED.c...
assembling Startup.s...
compiling stepper.c...
compiling UART.c...
assembling vectors.s...
compiling bsp.c...
.\include\func.h(23): warning:  #1-D: last line of file ends without a newline
assembling cpu_a.s...
compiling lib_mem.c...
compiling lib_str.c...
compiling os_core.c...
assembling os_cpu_a.asm...
uCOS-II\os_cpu_a.asm(159): warning: A1876W: Use of '|' as a synonym for the :OR: operator is deprecated.
compiling os_cpu_c.c...
uCOS-II\os_cpu_c.c(62): warning:  #550-D: variable "OSTmrCtr" was set but never used
compiling os_dbg.c...
compiling os_flag.c...
compiling os_mbox.c...
compiling os_mem.c...
compiling os_mutex.c...
compiling os_q.c...
compiling os_sem.c...
compiling os_task.c...
compiling os_time.c...
compiling os_tmr.c...
linking...
mailbox.axf: Warning: L6305W: Image does not have an entry point. (Not specified or not set due to multiple choices.)
Program Size: Code=27556 RO-data=400 RW-data=208 ZI-data=10864  
FromELF: creating hex file...
"mailbox.axf" - 0 Error(s), 6 Warning(s).
